{
  "version": "1.5.0",
  "plugins_used": [
    {
      "name": "ArtifactoryDetector"
    },
    {
      "name": "AWSKeyDetector"
    },
    {
      "name": "AzureStorageKeyDetector"
    },
    {
      "name": "Base64HighEntropyString",
      "limit": 4.5
    },
    {
      "name": "BasicAuthDetector"
    },
    {
      "name": "CloudantDetector"
    },
    {
      "name": "DiscordBotTokenDetector"
    },
    {
      "name": "GitHubTokenDetector"
    },
    {
      "name": "GitLabTokenDetector"
    },
    {
      "name": "HexHighEntropyString",
      "limit": 3.0
    },
    {
      "name": "IbmCloudIamDetector"
    },
    {
      "name": "IbmCosHmacDetector"
    },
    {
      "name": "IPPublicDetector"
    },
    {
      "name": "JwtTokenDetector"
    },
    {
      "name": "KeywordDetector",
      "keyword_exclude": ""
    },
    {
      "name": "MailchimpDetector"
    },
    {
      "name": "NpmDetector"
    },
    {
      "name": "OpenAIDetector"
    },
    {
      "name": "PrivateKeyDetector"
    },
    {
      "name": "PypiTokenDetector"
    },
    {
      "name": "SendGridDetector"
    },
    {
      "name": "SlackDetector"
    },
    {
      "name": "SoftlayerDetector"
    },
    {
      "name": "SquareOAuthDetector"
    },
    {
      "name": "StripeDetector"
    },
    {
      "name": "TelegramBotTokenDetector"
    },
    {
      "name": "TwilioKeyDetector"
    }
  ],
  "filters_used": [
    {
      "path": "detect_secrets.filters.allowlist.is_line_allowlisted"
    },
    {
      "path": "detect_secrets.filters.common.is_baseline_file",
      "filename": ".secrets.baseline"
    },
    {
      "path": "detect_secrets.filters.common.is_ignored_due_to_verification_policies",
      "min_level": 2
    },
    {
      "path": "detect_secrets.filters.heuristic.is_indirect_reference"
    },
    {
      "path": "detect_secrets.filters.heuristic.is_likely_id_string"
    },
    {
      "path": "detect_secrets.filters.heuristic.is_lock_file"
    },
    {
      "path": "detect_secrets.filters.heuristic.is_not_alphanumeric_string"
    },
    {
      "path": "detect_secrets.filters.heuristic.is_potential_uuid"
    },
    {
      "path": "detect_secrets.filters.heuristic.is_prefixed_with_dollar_sign"
    },
    {
      "path": "detect_secrets.filters.heuristic.is_sequential_string"
    },
    {
      "path": "detect_secrets.filters.heuristic.is_swagger_file"
    },
    {
      "path": "detect_secrets.filters.heuristic.is_templated_secret"
    },
    {
      "path": "detect_secrets.filters.regex.should_exclude_file",
      "pattern": [
        "benchmarks/results/.*\\.json"
      ]
    }
  ],
  "results": {
    "environment/sanity-tests/2026-05-22-Llama-PLLuM-70B-base-2412-awq-vllm-tp2.log": [
      {
        "type": "Base64 High Entropy String",
        "filename": "environment/sanity-tests/2026-05-22-Llama-PLLuM-70B-base-2412-awq-vllm-tp2.log",
        "hashed_secret": "fb1c80d85ceda6610b632001cb1d1d08d9b99618",
        "is_verified": false,
        "line_number": 7
      }
    ],
    "environment/sanity-tests/2026-05-22-Llama-PLLuM-70B-base-2508-awq-vllm-tp2.log": [
      {
        "type": "Base64 High Entropy String",
        "filename": "environment/sanity-tests/2026-05-22-Llama-PLLuM-70B-base-2508-awq-vllm-tp2.log",
        "hashed_secret": "cfefa6d3a6f32143712c5390ebef1bb71f5cbbe8",
        "is_verified": false,
        "line_number": 7
      }
    ],
    "environment/sanity-tests/2026-05-22-Llama-PLLuM-70B-chat-2412-awq-vllm-tp2.log": [
      {
        "type": "Base64 High Entropy String",
        "filename": "environment/sanity-tests/2026-05-22-Llama-PLLuM-70B-chat-2412-awq-vllm-tp2.log",
        "hashed_secret": "51561c90209bcf8a2902a85d8fdc203e25136df7",
        "is_verified": false,
        "line_number": 7
      }
    ],
    "environment/sanity-tests/2026-05-22-Llama-PLLuM-70B-chat-2508-awq-vllm-tp2.log": [
      {
        "type": "Base64 High Entropy String",
        "filename": "environment/sanity-tests/2026-05-22-Llama-PLLuM-70B-chat-2508-awq-vllm-tp2.log",
        "hashed_secret": "88bc2292f52cf86a39c99d273432cc14889b0e69",
        "is_verified": false,
        "line_number": 7
      }
    ],
    "environment/sanity-tests/2026-05-22-Llama-PLLuM-70B-chat-2512-awq-vllm-tp2.log": [
      {
        "type": "Base64 High Entropy String",
        "filename": "environment/sanity-tests/2026-05-22-Llama-PLLuM-70B-chat-2512-awq-vllm-tp2.log",
        "hashed_secret": "b9a3707f88efde349113f431408643c28913f406",
        "is_verified": false,
        "line_number": 7
      }
    ],
    "environment/sanity-tests/2026-05-22-Llama-PLLuM-70B-instruct-2412-awq-vllm-tp2.log": [
      {
        "type": "Base64 High Entropy String",
        "filename": "environment/sanity-tests/2026-05-22-Llama-PLLuM-70B-instruct-2412-awq-vllm-tp2.log",
        "hashed_secret": "55e7ed8135f20be36081c95bc03545ad7f7a0541",
        "is_verified": false,
        "line_number": 7
      }
    ],
    "environment/sanity-tests/2026-05-22-Llama-PLLuM-70B-instruct-2508-awq-vllm-tp2.log": [
      {
        "type": "Base64 High Entropy String",
        "filename": "environment/sanity-tests/2026-05-22-Llama-PLLuM-70B-instruct-2508-awq-vllm-tp2.log",
        "hashed_secret": "760f763af04c029bc61cdd117a459c20b391d4a1",
        "is_verified": false,
        "line_number": 7
      }
    ],
    "environment/sanity-tests/2026-05-22-Llama-PLLuM-70B-instruct-2512-awq-vllm-tp2.log": [
      {
        "type": "Base64 High Entropy String",
        "filename": "environment/sanity-tests/2026-05-22-Llama-PLLuM-70B-instruct-2512-awq-vllm-tp2.log",
        "hashed_secret": "c0810404fc637a63c3bb4ebb9e7a357517b37e98",
        "is_verified": false,
        "line_number": 7
      }
    ],
    "environment/sanity-tests/2026-05-23-Llama-PLLuM-70B-base-2412-awq-vllm-tp2.log": [
      {
        "type": "Base64 High Entropy String",
        "filename": "environment/sanity-tests/2026-05-23-Llama-PLLuM-70B-base-2412-awq-vllm-tp2.log",
        "hashed_secret": "fb1c80d85ceda6610b632001cb1d1d08d9b99618",
        "is_verified": false,
        "line_number": 7
      }
    ],
    "environment/sanity-tests/2026-05-23-Llama-PLLuM-70B-base-2508-awq-vllm-tp2.log": [
      {
        "type": "Base64 High Entropy String",
        "filename": "environment/sanity-tests/2026-05-23-Llama-PLLuM-70B-base-2508-awq-vllm-tp2.log",
        "hashed_secret": "cfefa6d3a6f32143712c5390ebef1bb71f5cbbe8",
        "is_verified": false,
        "line_number": 7
      }
    ],
    "environment/sanity-tests/2026-05-23-Llama-PLLuM-70B-chat-2412-awq-vllm-tp2.log": [
      {
        "type": "Base64 High Entropy String",
        "filename": "environment/sanity-tests/2026-05-23-Llama-PLLuM-70B-chat-2412-awq-vllm-tp2.log",
        "hashed_secret": "51561c90209bcf8a2902a85d8fdc203e25136df7",
        "is_verified": false,
        "line_number": 7
      }
    ],
    "environment/sanity-tests/2026-05-23-Llama-PLLuM-70B-chat-2508-awq-vllm-tp2.log": [
      {
        "type": "Base64 High Entropy String",
        "filename": "environment/sanity-tests/2026-05-23-Llama-PLLuM-70B-chat-2508-awq-vllm-tp2.log",
        "hashed_secret": "88bc2292f52cf86a39c99d273432cc14889b0e69",
        "is_verified": false,
        "line_number": 7
      }
    ],
    "environment/sanity-tests/2026-05-23-Llama-PLLuM-70B-chat-2512-awq-vllm-tp2.log": [
      {
        "type": "Base64 High Entropy String",
        "filename": "environment/sanity-tests/2026-05-23-Llama-PLLuM-70B-chat-2512-awq-vllm-tp2.log",
        "hashed_secret": "b9a3707f88efde349113f431408643c28913f406",
        "is_verified": false,
        "line_number": 7
      }
    ],
    "environment/sanity-tests/2026-05-23-Llama-PLLuM-70B-instruct-2412-awq-vllm-tp2.log": [
      {
        "type": "Base64 High Entropy String",
        "filename": "environment/sanity-tests/2026-05-23-Llama-PLLuM-70B-instruct-2412-awq-vllm-tp2.log",
        "hashed_secret": "55e7ed8135f20be36081c95bc03545ad7f7a0541",
        "is_verified": false,
        "line_number": 7
      }
    ],
    "environment/sanity-tests/2026-05-23-Llama-PLLuM-70B-instruct-2508-awq-vllm-tp2.log": [
      {
        "type": "Base64 High Entropy String",
        "filename": "environment/sanity-tests/2026-05-23-Llama-PLLuM-70B-instruct-2508-awq-vllm-tp2.log",
        "hashed_secret": "760f763af04c029bc61cdd117a459c20b391d4a1",
        "is_verified": false,
        "line_number": 7
      }
    ],
    "environment/sanity-tests/2026-05-23-Llama-PLLuM-70B-instruct-2512-awq-vllm-tp2.log": [
      {
        "type": "Base64 High Entropy String",
        "filename": "environment/sanity-tests/2026-05-23-Llama-PLLuM-70B-instruct-2512-awq-vllm-tp2.log",
        "hashed_secret": "c0810404fc637a63c3bb4ebb9e7a357517b37e98",
        "is_verified": false,
        "line_number": 7
      }
    ]
  },
  "generated_at": "2026-05-23T20:35:31Z"
}
